// Jest Snapshot v1, https://goo.gl/fbAQLP

exports[`Details Component should render the details correctly 1`] = `
<DocumentFragment>
  <div
    class="cont"
  >
    <img
      alt="a country flag"
      class="flags"
    />
    <div
      class="text-desc"
    >
      <p
        class="country-name"
      />
      <p
        class="population"
      />
    </div>
  </div>
  ,
</DocumentFragment>
`;
